\BOOKMARK [0][-]{chapter.1}{\376\377\000T\000w\000o\000\040\000s\000c\000a\000n\000s}{}% 1
\BOOKMARK [1][-]{section.1.1}{\376\377\000R\000a\000t\000e\000s\000\040\000a\000n\000d\000\040\000e\000f\000f\000e\000c\000t\000\040\000s\000i\000z\000e\000s}{chapter.1}% 2
\BOOKMARK [1][-]{section.1.2}{\376\377\000C\000h\000a\000n\000g\000e\000s\000\040\000d\000u\000r\000i\000n\000g\000\040\000t\000h\000e\000\040\000v\000i\000s\000i\000t}{chapter.1}% 3
\BOOKMARK [1][-]{section.1.3}{\376\377\000C\000o\000n\000s\000t\000a\000n\000t\000s}{chapter.1}% 4
\BOOKMARK [1][-]{section.1.4}{\376\377\000E\000f\000f\000e\000c\000t\000\040\000p\000l\000o\000t\000s}{chapter.1}% 5
\BOOKMARK [1][-]{section.1.5}{\376\377\000D\000i\000u\000r\000n\000a\000l\000\040\000v\000a\000r\000i\000a\000t\000i\000o\000n\000s}{chapter.1}% 6
\BOOKMARK [1][-]{section.1.6}{\376\377\000M\000o\000d\000e\000l\000\040\000f\000i\000t\000s}{chapter.1}% 7
\BOOKMARK [2][-]{subsection.1.6.1}{\376\377\000r\000i\000f\000a\000m\000p\000i\000c\000i\000n}{section.1.6}% 8
\BOOKMARK [2][-]{subsection.1.6.2}{\376\377\000c\000i\000c\000l\000o\000s\000p\000o\000r\000i\000n}{section.1.6}% 9
\BOOKMARK [2][-]{subsection.1.6.3}{\376\377\000m\000e\000t\000f\000o\000r\000m\000i\000n}{section.1.6}% 10
\BOOKMARK [2][-]{subsection.1.6.4}{\376\377\000r\000i\000f\000a\000m\000p\000i\000c\000i\000n\000\137\000c\000l\000i\000n\000i\000c\000a\000l}{section.1.6}% 11
\BOOKMARK [0][-]{chapter.2}{\376\377\000O\000n\000e\000\040\000s\000c\000a\000n}{}% 12
\BOOKMARK [1][-]{section.2.1}{\376\377\000R\000a\000t\000e\000s\000\040\000a\000n\000d\000\040\000e\000f\000f\000e\000c\000t\000\040\000s\000i\000z\000e\000s}{chapter.2}% 13
\BOOKMARK [1][-]{section.2.2}{\376\377\000C\000o\000n\000s\000t\000a\000n\000t\000s}{chapter.2}% 14
\BOOKMARK [1][-]{section.2.3}{\376\377\000E\000f\000f\000e\000c\000t\000\040\000p\000l\000o\000t\000s}{chapter.2}% 15
\BOOKMARK [1][-]{section.2.4}{\376\377\000M\000o\000d\000e\000l\000\040\000f\000i\000t\000s}{chapter.2}% 16
\BOOKMARK [2][-]{subsection.2.4.1}{\376\377\000r\000i\000f\000a\000m\000p\000i\000c\000i\000n}{section.2.4}% 17
\BOOKMARK [2][-]{subsection.2.4.2}{\376\377\000c\000i\000c\000l\000o\000s\000p\000o\000r\000i\000n}{section.2.4}% 18
\BOOKMARK [2][-]{subsection.2.4.3}{\376\377\000m\000e\000t\000f\000o\000r\000m\000i\000n}{section.2.4}% 19
\BOOKMARK [2][-]{subsection.2.4.4}{\376\377\000r\000i\000f\000a\000m\000p\000i\000c\000i\000n\000\137\000c\000l\000i\000n\000i\000c\000a\000l}{section.2.4}% 20
